
TypeError: Cannot read property 'hangman' of undefined
    at Object.cmds.hangman (C:\Users\V\Documents\Servers\Mist\hangman.js:66:22)
    at Object.exports.parse (C:\Users\V\Documents\Servers\Mist\command-parser.js:201:31)
    at ChatRoom.chat (C:\Users\V\Documents\Servers\Mist\rooms.js:1475:27)
    at User.chat (C:\Users\V\Documents\Servers\Mist\users.js:1257:9)
    at Object.socketReceive (C:\Users\V\Documents\Servers\Mist\users.js:197:13)
    at Worker.<anonymous> (C:\Users\V\Documents\Servers\Mist\sockets.js:42:11)
    at Worker.EventEmitter.emit (events.js:98:17)
    at ChildProcess.EventEmitter.emit (events.js:98:17)
    at handleMessage (child_process.js:318:10)
    at Pipe.channel.onread (child_process.js:345:11)

Additional information:
user = aananth
ip = 127.0.0.1
roomid = hangman
message = hangman|/hangman hi, hi

TypeError: Cannot read property 'hangman' of undefined
    at Object.cmds.hangman (C:\Users\V\Documents\Servers\Mist\hangman.js:66:22)
    at Object.exports.parse (C:\Users\V\Documents\Servers\Mist\command-parser.js:201:31)
    at ChatRoom.chat (C:\Users\V\Documents\Servers\Mist\rooms.js:1475:27)
    at User.chat (C:\Users\V\Documents\Servers\Mist\users.js:1257:9)
    at Object.socketReceive (C:\Users\V\Documents\Servers\Mist\users.js:197:13)
    at Worker.<anonymous> (C:\Users\V\Documents\Servers\Mist\sockets.js:42:11)
    at Worker.EventEmitter.emit (events.js:98:17)
    at ChildProcess.EventEmitter.emit (events.js:98:17)
    at handleMessage (child_process.js:318:10)
    at Pipe.channel.onread (child_process.js:345:11)

Additional information:
user = aananth
ip = 127.0.0.1
roomid = tournaments
message = tournaments|/hangman hi, hi
